2026-05-24 16:57:24,533 - MainPipeline - INFO - ==================================================
2026-05-24 16:57:24,537 - MainPipeline - INFO - STARTING ENTERPRISE DATA ANALYTICS PIPELINE
2026-05-24 16:57:24,537 - MainPipeline - INFO - ==================================================
2026-05-24 16:57:24,537 - MainPipeline - INFO - Step 1: Setting up directory structure...
2026-05-24 16:57:24,541 - MainPipeline - INFO - Step 2: Cleaning and Preprocessing Data...
2026-05-24 16:57:24,541 - CleaningModule - INFO - Loading data from practice_data.xlsx
2026-05-24 16:57:25,141 - CleaningModule - INFO - Standardizing column names...
2026-05-24 16:57:25,141 - CleaningModule - INFO - Cleaning Rank column...
2026-05-24 16:57:25,158 - CleaningModule - INFO - Validating indicator boundaries (0 to 10)...
2026-05-24 16:57:25,178 - CleaningModule - INFO - Data cleaning completed successfully.
2026-05-24 16:57:25,178 - CleaningModule - INFO - Saving styled Excel to project_output/cleaned_data/cleaned_fragile_states_2023.xlsx
2026-05-24 16:57:25,582 - CleaningModule - INFO - Styled Excel saved successfully.
2026-05-24 16:57:25,582 - MainPipeline - INFO - Step 3: Performing Statistical & Trend Analysis...
2026-05-24 16:57:25,582 - AnalysisModule - INFO - Starting statistical analysis and clustering...
2026-05-24 16:57:25,582 - AnalysisModule - INFO - Calculating summary statistics...
2026-05-24 16:57:25,659 - AnalysisModule - INFO - Calculating correlations...
2026-05-24 16:57:25,659 - AnalysisModule - INFO - Performing K-Means clustering...
2026-05-24 16:57:28,440 - AnalysisModule - INFO - Analysis completed.
2026-05-24 16:57:28,440 - AnalysisModule - INFO - Saving analysis to project_output/reports/analysis_results.xlsx
2026-05-24 16:57:28,624 - AnalysisModule - INFO - Analysis Excel saved.
2026-05-24 16:57:28,624 - MainPipeline - INFO - Step 4: Generating Visualizations...
2026-05-24 16:57:28,624 - VisualizationModule - INFO - Generating all visual assets...
2026-05-24 16:57:28,624 - VisualizationModule - INFO - Generating Correlation Matrix Heatmap...
2026-05-24 16:57:30,682 - VisualizationModule - INFO - Generating Bar Chart: Top 10 Most Fragile States
2026-05-24 17:00:37,615 - MainPipeline - INFO - ==================================================
2026-05-24 17:00:37,630 - MainPipeline - INFO - STARTING ENTERPRISE DATA ANALYTICS PIPELINE
2026-05-24 17:00:37,630 - MainPipeline - INFO - ==================================================
2026-05-24 17:00:37,630 - MainPipeline - INFO - Step 1: Setting up directory structure...
2026-05-24 17:00:37,630 - MainPipeline - INFO - Step 2: Cleaning and Preprocessing Data...
2026-05-24 17:00:37,630 - CleaningModule - INFO - Loading data from practice_data.xlsx
2026-05-24 17:00:38,303 - CleaningModule - INFO - Standardizing column names...
2026-05-24 17:00:38,303 - CleaningModule - INFO - Cleaning Rank column...
2026-05-24 17:00:38,320 - CleaningModule - INFO - Validating indicator boundaries (0 to 10)...
2026-05-24 17:00:38,338 - CleaningModule - INFO - Data cleaning completed successfully.
2026-05-24 17:00:38,338 - CleaningModule - INFO - Saving styled Excel to project_output/cleaned_data/cleaned_fragile_states_2023.xlsx
2026-05-24 17:00:38,620 - CleaningModule - INFO - Styled Excel saved successfully.
2026-05-24 17:00:38,621 - MainPipeline - INFO - Step 3: Performing Statistical & Trend Analysis...
2026-05-24 17:00:38,622 - AnalysisModule - INFO - Starting statistical analysis and clustering...
2026-05-24 17:00:38,623 - AnalysisModule - INFO - Calculating summary statistics...
2026-05-24 17:00:38,678 - AnalysisModule - INFO - Calculating correlations...
2026-05-24 17:00:38,678 - AnalysisModule - INFO - Performing K-Means clustering...
2026-05-24 17:00:41,229 - AnalysisModule - INFO - Analysis completed.
2026-05-24 17:00:41,229 - AnalysisModule - INFO - Saving analysis to project_output/reports/analysis_results.xlsx
2026-05-24 17:00:41,413 - AnalysisModule - INFO - Analysis Excel saved.
2026-05-24 17:00:41,413 - MainPipeline - INFO - Step 4: Generating Visualizations...
2026-05-24 17:00:41,413 - VisualizationModule - INFO - Generating all visual assets...
2026-05-24 17:00:41,413 - VisualizationModule - INFO - Generating Correlation Matrix Heatmap...
2026-05-24 17:00:42,779 - VisualizationModule - INFO - Generating Bar Chart: Top 10 Most Fragile States
2026-05-24 17:00:43,413 - VisualizationModule - INFO - Generating Bar Chart: Top 10 Most Stable States
2026-05-24 17:00:44,087 - VisualizationModule - INFO - Generating Distribution KDE: Total
2026-05-24 17:00:44,672 - VisualizationModule - INFO - Generating Scatter Plot: E1: Economy vs P1: State Legitimacy
2026-05-24 17:00:45,354 - VisualizationModule - INFO - All visualizations generated.
2026-05-24 17:00:45,354 - MainPipeline - INFO - Step 5: Generating Final Executive Reports...
2026-05-24 17:00:45,354 - ReportGenerator - INFO - Generating HTML Report...
2026-05-24 17:00:45,380 - ReportGenerator - INFO - HTML Report successfully saved to project_output/reports/executive_summary.html
2026-05-24 17:00:45,380 - ReportGenerator - INFO - Attempting to generate PDF Report using Playwright...
2026-05-24 17:00:57,120 - ReportGenerator - INFO - PDF Report successfully saved to project_output/reports/executive_summary.pdf
2026-05-24 17:00:57,120 - MainPipeline - INFO - ==================================================
2026-05-24 17:00:57,120 - MainPipeline - INFO - PIPELINE COMPLETED SUCCESSFULLY IN 19.51 SECONDS.
2026-05-24 17:00:57,120 - MainPipeline - INFO - ==================================================
